
> restaurant-ordering-server@1.0.0 test
> jest

node.exe : PASS src/__tests__/server.test.js
At C:\Program Files\nodejs\npm.ps1:29 char:3
+   & $NODE_EXE $NPM_CLI_JS $args
+   ~~~~~~~~~~~~~~~~~~~~~~~~~~~~~
    + CategoryInfo          : NotSpecified: (PASS src/__tests__/server.test.js:String) [], RemoteException
    + FullyQualifiedErrorId : NativeCommandError
 
  Server API Smoke Test
    ΓêÜ GET / should return 200 and welcome message (16 ms)

FAIL src/__tests__/auth.test.js
  ΓùÅ Test suite failed to run

    Cannot find module '../../models/User' from 'src/__tests__/auth.test.js'

    [0m [90m  5 |[39m
     [90m  6 |[39m [90m// Mock specific DB operations for User[39m
    [31m[1m>[22m[39m[90m  7 |[39m jest[33m.[39mmock([32m'../../models/User'[39m)[33m;[39m
     [90m    |[39m      [31m[1m^[22m[39m
     [90m  8 |[39m
     [90m  9 |[39m describe([32m'Auth API'[39m[33m,[39m () [33m=>[39m {
     [90m 10 |[39m     beforeEach(() [33m=>[39m {[0m

      at Resolver._throwModNotFoundError (node_modules/jest-resolve/build/index.js:863:11)
      at Object.mock (src/__tests__/auth.test.js:7:6)

Test Suites: 1 failed, 1 passed, 2 total
Tests:       1 passed, 1 total
Snapshots:   0 total
Time:        0.711 s, estimated 1 s
Ran all test suites.
